
Running 441 tests using 1 worker
┬À┬À┬À┬À┬À┬À┬À┬À┬À┬À┬À┬À┬À┬À┬À┬À┬À┬À┬À┬À┬À┬À┬À┬À┬À┬À┬À┬À┬À┬À┬À┬À┬À┬À┬À┬À┬À┬À┬À┬À┬À┬À┬À┬À┬À┬À┬À┬À┬À┬À┬À┬À┬À┬À┬À┬À┬À┬À┬À┬À┬À┬À┬À┬À┬À┬À┬À┬À┬À┬À┬À┬À┬À┬À┬À┬À┬À┬À┬À┬À
┬À┬À┬À┬À┬À┬À┬À┬À┬À┬À┬À┬À┬À┬À┬À┬À┬À┬À┬À┬À┬À┬À┬À┬À┬À┬À┬À┬À┬À┬À┬À┬À┬À┬À┬À┬À┬À┬À┬À┬À┬À┬À┬À┬À┬À┬À┬À┬À┬À┬À┬À┬À┬À┬À┬À┬À┬À┬À┬À┬À┬À┬À┬À┬À┬À┬À┬À┬À┬À┬À┬À┬À┬À┬À┬À┬À┬À┬À┬À┬À
┬À┬À┬À┬À┬À┬À┬À┬À┬À┬À┬À┬À┬À┬À┬À┬À┬À┬À┬À┬À┬À┬À┬À┬À┬À┬À┬À┬À┬À┬À┬À┬À┬À┬À┬À┬À┬À┬À┬À┬À┬À┬À┬À┬À┬À┬À┬À┬À┬À┬À┬À┬À┬À┬À┬À┬À┬À┬À┬À┬À┬À┬À┬À┬À┬À┬À┬À┬À┬À┬À┬À┬À┬À┬À┬À┬À┬À┬À┬À┬À
┬À┬À┬À┬À┬À┬À┬À┬À┬À┬À┬À┬À┬À┬À┬À┬À┬À┬À┬À┬À┬À┬À┬À┬À┬À┬À┬À┬À┬À┬À┬À┬À┬À┬À┬À┬À┬À┬À┬À┬À┬À┬À┬À┬À┬À┬À┬À┬À┬À┬À┬À┬À┬À┬À┬À┬À┬À┬À┬À┬À┬À┬À┬À┬À┬À┬À┬À┬À┬À┬À┬À┬À┬À┬À┬À┬À┬À┬À┬À┬À
┬À┬À┬À┬À┬À┬À┬À┬À┬À┬À┬À┬À┬À┬À┬À┬À┬À┬À┬À┬À┬À┬À┬À┬À┬À┬À┬À┬À┬À┬À┬À┬À┬À┬À┬À┬À┬À┬À┬À┬À┬À┬À┬À┬À┬À┬À┬À┬À┬À┬À┬À┬À┬À┬À┬À┬À┬À┬À┬À┬À┬À┬À┬À┬À┬À┬À┬À┬À┬À┬À┬À┬À┬À┬À┬À┬À┬À┬À┬À┬À
┬À┬À┬À┬À┬À┬À┬À┬À┬À┬À┬À┬À┬À┬À┬À┬À┬À┬À┬À┬À┬À┬À┬À┬À┬À┬À┬À┬À┬À┬À┬À┬À┬À┬À┬À┬À┬À┬À┬À┬À┬À
  441 passed (1.2m)
